
> secure-transac-contracts@1.0.2 seed
> truffle exec scripts/seed.js --network development

[dotenv@17.2.3] injecting env (0) from .env -- tip: ­ƒöÉ encrypt with Dotenvx: https://dotenvx.com
Using network 'development'.

=== Seeding SecureTransac Data (Enhanced) ===
Admin: 0xf39Fd6e51aad88F6F4ce6aB8827279cffFb92266
Generating Paillier Keys...
Updated Backend Keys.
Registering Public Key...
Authorizing Admin...
npm : Auth Admin failed 
(ignoring): VM Exception 
while processing 
transaction: revert -- 
Reason given: Custom 
error (could not decode).
At line:1 char:1
+ npm run seed 2>&1 | 
Out-File -FilePath 
seed.log -Encoding utf8
+ ~~~~~~~~~~~~~~~~~
    + CategoryInfo        
      : NotSpecified: (A  
  uth Admin fail...ld n   
 ot decode).:String) [    
], RemoteException
    + FullyQualifiedError 
   Id : NativeCommandErr  
  or
 
Identity stored for 0x70997970C51812dc3A010C7d01b50e0d17dc79C8
Identity stored for 0x3C44CdDdB6a900fa2b585dd299e03d12FA4293BC
Identity stored for 0x90F79bf6EB2c4f870365E785982E1f101E93b906
Seeding Scores...
Score 85 set for 0x70997970C51812dc3A010C7d01b50e0d17dc79C8
Score 20 set for 0x3C44CdDdB6a900fa2b585dd299e03d12FA4293BC
Score 95 set for 0x90F79bf6EB2c4f870365E785982E1f101E93b906
Seeding Transactions...
Tx 1 recorded
Tx 2 recorded
Seeding DAO...
User Staked
Proposal 1 Created
Seeding Verifications...
Verification failed: verificationRegistry.registerVerification is not a function
Seeding Reports...
Report submitted
=== Seed Complete ===
