[dotenv@17.2.3] injecting env (9) from .env -- tip: ­ƒøá´©Å  run anywhere with `dotenvx run -- yourcommand`
[Cache] Local caching layer initialized (simulating Redis)
[Web3] System Initialization on Network 1769237245349
[Web3] Addresses: Registry=0x5FbDB2315678afecb367f032d93F642f64180aa3, Vault=0x1613beB3B2C4f22Ee086B2b38C1476A3cE7f78E8, Verification=0x9d4454B023096f34B160D6B654540c56A1F81688
[Web3] Admin loaded: 0xf39Fd6e51aad88F6F4ce6aB8827279cffFb92266
[Web3] Paillier keys loaded from disk.
node : Error calling 
contract: Parameter 
decoding error: Returned 
values aren't valid, did 
it run Out of Gas? You 
might also see this error 
if you are not using the 
correct ABI for the 
contract you are 
retrieving data from, 
requesting data from a 
block number that does 
not exist, or querying a 
node which is not fully 
synced.
At line:1 char:1
+ node debug_score.js 
2>&1 | Out-File -FilePath 
debug.log -Encoding utf 
...
+ ~~~~~~~~~~~~~~~~~~~~~~~~
    + CategoryInfo        
      : NotSpecified: (E  
  rror calling c...t fu   
 lly synced.:String) [    
], RemoteException
    + FullyQualifiedError 
   Id : NativeCommandErr  
  or
 
